app/admin/feedback/page.tsx(65,17): error TS2352: Conversion of type '{ id: any; full_name: any; email: any; username: any; }[]' to type '{ id: string; full_name: string | null; email: string | null; username: string | null; }' may be a mistake because neither type sufficiently overlaps with the other. If this was intentional, convert the expression to 'unknown' first.
  Type '{ id: any; full_name: any; email: any; username: any; }[]' is missing the following properties from type '{ id: string; full_name: string | null; email: string | null; username: string | null; }': id, full_name, email, username
app/admin/messages/page.tsx(57,31): error TS2322: Type '{ id: any; message_id: any; reporter_user_id: any; reported_user_id: any; room_id: any; reason: any; description: any; status: any; created_at: any; reviewed_at: any; reviewed_by: any; reporter: { id: any; full_name: any; email: any; role: any; avatar_url: any; }[]; reported: { ...; }[]; message: { ...; }[]; room: {...' is not assignable to type 'MessageReport[]'.
  Type '{ id: any; message_id: any; reporter_user_id: any; reported_user_id: any; room_id: any; reason: any; description: any; status: any; created_at: any; reviewed_at: any; reviewed_by: any; reporter: { id: any; full_name: any; email: any; role: any; avatar_url: any; }[]; reported: { ...; }[]; message: { ...; }[]; room: {...' is not assignable to type 'MessageReport'.
    Types of property 'reporter' are incompatible.
      Type '{ id: any; full_name: any; email: any; role: any; avatar_url: any; }[]' is missing the following properties from type '{ id: string; full_name: string | null; email: string | null; role: "influencer" | "brand" | null; avatar_url: string | null; }': id, full_name, email, role, avatar_url
app/admin/page.tsx(68,24): error TS2339: Property 'status' does not exist on type 'PostgrestError'.
app/dashboard/brand/offers/page.tsx(49,43): error TS2352: Conversion of type '{ id: any; campaign_name: any; campaign_type: any; budget: any; message: any; status: any; created_at: any; receiver: { id: any; full_name: any; avatar_url: any; username: any; verification_status: any; }[]; }[] | null' to type 'BrandOfferItem[]' may be a mistake because neither type sufficiently overlaps with the other. If this was intentional, convert the expression to 'unknown' first.
  Type '{ id: any; campaign_name: any; campaign_type: any; budget: any; message: any; status: any; created_at: any; receiver: { id: any; full_name: any; avatar_url: any; username: any; verification_status: any; }[]; }[]' is not comparable to type 'BrandOfferItem[]'.
    Type '{ id: any; campaign_name: any; campaign_type: any; budget: any; message: any; status: any; created_at: any; receiver: { id: any; full_name: any; avatar_url: any; username: any; verification_status: any; }[]; }' is not comparable to type 'BrandOfferItem'.
      Types of property 'receiver' are incompatible.
        Type '{ id: any; full_name: any; avatar_url: any; username: any; verification_status: any; }[]' is missing the following properties from type '{ id: string; full_name: string | null; avatar_url: string | null; username: string | null; verification_status?: "verified" | "rejected" | "pending" | null | undefined; }': id, full_name, avatar_url, username
app/dashboard/brand/page.tsx(70,43): error TS2352: Conversion of type '{ id: any; campaign_name: any; campaign_type: any; budget: any; message: any; status: any; created_at: any; receiver: { id: any; full_name: any; avatar_url: any; username: any; }[]; }[] | null' to type 'BrandOfferItem[]' may be a mistake because neither type sufficiently overlaps with the other. If this was intentional, convert the expression to 'unknown' first.
  Type '{ id: any; campaign_name: any; campaign_type: any; budget: any; message: any; status: any; created_at: any; receiver: { id: any; full_name: any; avatar_url: any; username: any; }[]; }[]' is not comparable to type 'BrandOfferItem[]'.
    Type '{ id: any; campaign_name: any; campaign_type: any; budget: any; message: any; status: any; created_at: any; receiver: { id: any; full_name: any; avatar_url: any; username: any; }[]; }' is not comparable to type 'BrandOfferItem'.
      Types of property 'receiver' are incompatible.
        Type '{ id: any; full_name: any; avatar_url: any; username: any; }[]' is missing the following properties from type '{ id: string; full_name: string | null; avatar_url: string | null; username: string | null; verification_status?: "verified" | "rejected" | "pending" | null | undefined; }': id, full_name, avatar_url, username
app/dashboard/influencer/advert/page.tsx(192,36): error TS2339: Property 'verification_status' does not exist on type '{ id: string; full_name: string | null; username: string | null; avatar_url: string | null; }'.
app/dashboard/messages/page.tsx(161,15): error TS2322: Type '{ id: any; fullName: any; username: any; avatarUrl: any; role: any; verificationStatus: "verified" | "rejected" | "pending" | undefined; } | null' is not assignable to type '{ id: string; fullName: string; username: string | null; avatarUrl: string | null; role: "influencer" | "brand" | null; } | null'.
  Object literal may only specify known properties, and 'verificationStatus' does not exist in type '{ id: string; fullName: string; username: string | null; avatarUrl: string | null; role: "influencer" | "brand" | null; }'.
app/dashboard/offers/page.tsx(36,42): error TS2352: Conversion of type '{ id: any; campaign_name: any; campaign_type: any; budget: any; message: any; status: any; created_at: any; sender: { id: any; full_name: any; avatar_url: any; email: any; social_links: any; verification_status: any; }[]; }[] | null' to type 'OfferListItem[]' may be a mistake because neither type sufficiently overlaps with the other. If this was intentional, convert the expression to 'unknown' first.
  Type '{ id: any; campaign_name: any; campaign_type: any; budget: any; message: any; status: any; created_at: any; sender: { id: any; full_name: any; avatar_url: any; email: any; social_links: any; verification_status: any; }[]; }[]' is not comparable to type 'OfferListItem[]'.
    Type '{ id: any; campaign_name: any; campaign_type: any; budget: any; message: any; status: any; created_at: any; sender: { id: any; full_name: any; avatar_url: any; email: any; social_links: any; verification_status: any; }[]; }' is not comparable to type 'OfferListItem'.
      Types of property 'sender' are incompatible.
        Type '{ id: any; full_name: any; avatar_url: any; email: any; social_links: any; verification_status: any; }[]' is missing the following properties from type '{ id: string; full_name: string | null; avatar_url: string | null; email: string | null; social_links: Record<string, string | null> | null; verification_status?: string | null | undefined; }': id, full_name, avatar_url, email, social_links
components/admin/SupportTicketsPanel.tsx(142,47): error TS2352: Conversion of type '{ id: any; user_id: any; subject: any; priority: any; message: any; file_url: any; status: any; admin_response: any; created_at: any; updated_at: any; users: { id: any; full_name: any; email: any; username: any; avatar_url: any; role: any; }[]; }' to type 'SupportTicket' may be a mistake because neither type sufficiently overlaps with the other. If this was intentional, convert the expression to 'unknown' first.
  Types of property 'users' are incompatible.
    Type '{ id: any; full_name: any; email: any; username: any; avatar_url: any; role: any; }[]' is missing the following properties from type '{ id: string; full_name: string | null; email: string | null; username: string | null; avatar_url: string | null; role: "influencer" | "brand" | null; }': id, full_name, email, username, and 2 more.
components/admin/SupportTicketsPanel.tsx(145,27): error TS2352: Conversion of type '{ id: any; user_id: any; subject: any; priority: any; message: any; file_url: any; status: any; admin_response: any; created_at: any; updated_at: any; users: { id: any; full_name: any; email: any; username: any; avatar_url: any; role: any; }[]; }' to type 'SupportTicket' may be a mistake because neither type sufficiently overlaps with the other. If this was intentional, convert the expression to 'unknown' first.
  Types of property 'users' are incompatible.
    Type '{ id: any; full_name: any; email: any; username: any; avatar_url: any; role: any; }[]' is missing the following properties from type '{ id: string; full_name: string | null; email: string | null; username: string | null; avatar_url: string | null; role: "influencer" | "brand" | null; }': id, full_name, email, username, and 2 more.
components/brand/BrandProfileForm.tsx(429,19): error TS2322: Type 'boolean | ""' is not assignable to type 'boolean | undefined'.
  Type '""' is not assignable to type 'boolean | undefined'.
components/brand/BrandProfileForm.tsx(646,32): error TS2339: Property 'error' does not exist on type '{ success: boolean; }'.
components/brand/BrandProfileForm.tsx(647,42): error TS2339: Property 'error' does not exist on type '{ success: boolean; }'.
components/dashboard/AdvertApplicationsList.tsx(285,67): error TS2802: Type 'Set<string>' can only be iterated through when using the '--downlevelIteration' flag or with a '--target' of 'es2015' or higher.
components/dashboard/BrandOffersList.tsx(219,13): error TS2352: Conversion of type '{ id: any; campaign_name: any; campaign_type: any; budget: any; message: any; status: any; created_at: any; receiver: { id: any; full_name: any; avatar_url: any; username: any; }[]; }' to type 'BrandOfferItem' may be a mistake because neither type sufficiently overlaps with the other. If this was intentional, convert the expression to 'unknown' first.
  Types of property 'receiver' are incompatible.
    Type '{ id: any; full_name: any; avatar_url: any; username: any; }[]' is missing the following properties from type '{ id: string; full_name: string | null; avatar_url: string | null; username: string | null; verification_status?: "verified" | "rejected" | "pending" | null | undefined; }': id, full_name, avatar_url, username
components/dashboard/InfluencerOffersFeed.tsx(72,13): error TS2352: Conversion of type '{ id: any; campaign_name: any; campaign_type: any; budget: any; message: any; status: any; created_at: any; sender: { id: any; full_name: any; avatar_url: any; email: any; social_links: any; }[]; }' to type 'OfferListItem' may be a mistake because neither type sufficiently overlaps with the other. If this was intentional, convert the expression to 'unknown' first.
  Types of property 'sender' are incompatible.
    Type '{ id: any; full_name: any; avatar_url: any; email: any; social_links: any; }[]' is missing the following properties from type '{ id: string; full_name: string | null; avatar_url: string | null; email: string | null; social_links: Record<string, string | null> | null; verification_status?: string | null | undefined; }': id, full_name, avatar_url, email, social_links
components/dashboard/OffersManager.tsx(87,13): error TS2352: Conversion of type '{ id: any; campaign_name: any; campaign_type: any; budget: any; message: any; status: any; created_at: any; sender: { id: any; full_name: any; avatar_url: any; email: any; social_links: any; }[]; }' to type 'OfferListItem' may be a mistake because neither type sufficiently overlaps with the other. If this was intentional, convert the expression to 'unknown' first.
  Types of property 'sender' are incompatible.
    Type '{ id: any; full_name: any; avatar_url: any; email: any; social_links: any; }[]' is missing the following properties from type '{ id: string; full_name: string | null; avatar_url: string | null; email: string | null; social_links: Record<string, string | null> | null; verification_status?: string | null | undefined; }': id, full_name, avatar_url, email, social_links
components/influencer/ProfileForm.tsx(387,19): error TS2322: Type 'boolean | ""' is not assignable to type 'boolean | undefined'.
  Type '""' is not assignable to type 'boolean | undefined'.
components/layout/PageTransition.tsx(72,9): error TS2322: Type '{ initial: { opacity: number; y: number; }; animate: { opacity: number; y: number; transition: { duration: number; ease: number[]; opacity: { duration: number; }; y: { duration: number; }; }; }; exit: { opacity: number; y: number; transition: { ...; }; }; }' is not assignable to type 'Variants'.
  Property 'animate' is incompatible with index signature.
    Type '{ opacity: number; y: number; transition: { duration: number; ease: number[]; opacity: { duration: number; }; y: { duration: number; }; }; }' is not assignable to type 'Variant'.
      Type '{ opacity: number; y: number; transition: { duration: number; ease: number[]; opacity: { duration: number; }; y: { duration: number; }; }; }' is not assignable to type 'TargetAndTransition'.
        Type '{ opacity: number; y: number; transition: { duration: number; ease: number[]; opacity: { duration: number; }; y: { duration: number; }; }; }' is not assignable to type '{ transition?: Transition<any> | undefined; transitionEnd?: ResolvedValues | undefined; }'.
          Types of property 'transition' are incompatible.
            Type '{ duration: number; ease: number[]; opacity: { duration: number; }; y: { duration: number; }; }' is not assignable to type 'Transition<any> | undefined'.
              Type '{ duration: number; ease: number[]; opacity: { duration: number; }; y: { duration: number; }; }' is not assignable to type 'TransitionWithValueOverrides<any>'.
                Type '{ duration: number; ease: number[]; opacity: { duration: number; }; y: { duration: number; }; }' is not assignable to type 'ValueAnimationTransition<any>'.
                  Types of property 'ease' are incompatible.
                    Type 'number[]' is not assignable to type 'Easing | Easing[] | undefined'.
                      Type 'number[]' is not assignable to type 'EasingFunction | Easing[]'.
                        Type 'number[]' is not assignable to type 'Easing[]'.
                          Type 'number' is not assignable to type 'Easing'.
